Command: C:\Espressif\python_env\idf5.5_py3.11_env\Scripts\python.exe C:\Users\user\esp\v5.5.1\esp-idf\tools/idf_monitor.py -p COM3 -b 115200 --toolchain-prefix xtensa-esp32-elf- --target esp32 --revision 0 D:\Project_microgreen\microgreen_test02\build\microgreen_test02.elf D:\Project_microgreen\microgreen_test02\build\bootloader\bootloader.elf --force-color -m 'C:\Espressif\python_env\idf5.5_py3.11_env\Scripts\python.exe' 'C:\Users\user\esp\v5.5.1\esp-idf\tools\idf.py' '-p' 'COM3'
ets Jul 29 2019 12:21:46

rst:0x1 (POWERON_RESET),boot:0x17 (SPI_FAST_FLASH_BOOT)
configsip: 0, SPIWP:0xee
clk_drv:0x00,q_drv:0x00,d_drv:0x00,cs0_drv:0x00,hd_drv:0x00,wp_drv:0x00
mode:DIO, clock div:2
load:0x3fff0030,len:6380
ho 0 tail 12 room 4
load:0x40078000,len:15916
load:0x40080400,len:3860
entry 0x40080638
[0;32mI (29) boot: ESP-IDF v5.5.1 2nd stage bootloader[0m
[0;32mI (29) boot: compile time Oct 27 2025 19:38:39[0m
[0;32mI (29) boot: Multicore bootloader[0m
[0;32mI (31) boot: chip revision: v3.1[0m
[0;32mI (33) boot.esp32: SPI Speed      : 40MHz[0m
[0;32mI (37) boot.esp32: SPI Mode       : DIO[0m
[0;32mI (41) boot.esp32: SPI Flash Size : 2MB[0m
[0;32mI (44) boot: Enabling RNG early entropy source...[0m
[0;32mI (49) boot: Partition Table:[0m
[0;32mI (51) boot: ## Label            Usage          Type ST Offset   Length[0m
[0;32mI (58) boot:  0 nvs              WiFi data        01 02 00009000 00006000[0m
[0;32mI (64) boot:  1 phy_init         RF data          01 01 0000f000 00001000[0m
[0;32mI (71) boot:  2 factory          factory app      00 00 00010000 00100000[0m
[0;32mI (77) boot: End of partition table[0m
[0;32mI (81) esp_image: segment 0: paddr=00010020 vaddr=3f400020 size=1acd0h (109776) map[0m
[0;32mI (126) esp_image: segment 1: paddr=0002acf8 vaddr=3ffb0000 size=03f7ch ( 16252) load[0m
[0;32mI (132) esp_image: segment 2: paddr=0002ec7c vaddr=40080000 size=0139ch (  5020) load[0m
[0;32mI (134) esp_image: segment 3: paddr=00030020 vaddr=400d0020 size=8e614h (583188) map[0m
[0;32mI (336) esp_image: segment 4: paddr=000be63c vaddr=4008139c size=16cach ( 93356) load[0m
[0;32mI (373) esp_image: segment 5: paddr=000d52f0 vaddr=50000000 size=00020h (    32) load[0m
[0;32mI (385) boot: Loaded app from partition at offset 0x10000[0m
[0;32mI (385) boot: Disabling RNG early entropy source...[0m
[0;32mI (395) cpu_start: Multicore app[0m
[0;32mI (404) cpu_start: Pro cpu start user code[0m
[0;32mI (404) cpu_start: cpu freq: 160000000 Hz[0m
[0;32mI (404) app_init: Application information:[0m
[0;32mI (404) app_init: Project name:     microgreen_test02[0m
[0;32mI (409) app_init: App version:      1[0m
[0;32mI (412) app_init: Compile time:     Oct 27 2025 19:31:08[0m
[0;32mI (417) app_init: ELF file SHA256:  5bcbf9f0b...[0m
[0;32mI (421) app_init: ESP-IDF:          v5.5.1[0m
[0;32mI (425) efuse_init: Min chip rev:     v0.0[0m
[0;32mI (429) efuse_init: Max chip rev:     v3.99 [0m
[0;32mI (433) efuse_init: Chip rev:         v3.1[0m
[0;32mI (437) heap_init: Initializing. RAM available for dynamic allocation:[0m
[0;32mI (443) heap_init: At 3FFAE6E0 len 00001920 (6 KiB): DRAM[0m
[0;32mI (448) heap_init: At 3FFB8620 len 000279E0 (158 KiB): DRAM[0m
[0;32mI (453) heap_init: At 3FFE0440 len 00003AE0 (14 KiB): D/IRAM[0m
[0;32mI (459) heap_init: At 3FFE4350 len 0001BCB0 (111 KiB): D/IRAM[0m
[0;32mI (464) heap_init: At 40098048 len 00007FB8 (31 KiB): IRAM[0m
[0;33mW (471) spi_flash: Detected boya flash chip but using generic driver. For optimal functionality, enable `SPI_FLASH_SUPPORT_BOYA_CHIP` in menuconfig[0m
[0;32mI (483) spi_flash: detected chip: generic[0m
[0;32mI (486) spi_flash: flash io: dio[0m
[0;33mW (489) spi_flash: Detected size(4096k) larger than the size in the binary image header(2048k). Using the size in the binary image header.[0m
[0;33mW (501) ADC: legacy driver is deprecated, please migrate to `esp_adc/adc_oneshot.h`[0m
[0;32mI (510) main_task: Started on CPU0[0m
[0;32mI (520) main_task: Calling app_main()[0m
[1;31mE (540) task_wdt: esp_task_wdt_init(517): TWDT already initialized[0m
[0;33mW (540) WDT: TWDT already initialized, reconfiguring...[0m
[0;32mI (540) main_task: Returned from app_main()[0m
[0;32mI (540) SOIL_PUMP: ADC calibration enabled (Vref=1072mV)[0m
[0;32mI (1050) wifi:wifi driver task: 3ffc3100, prio:23, stack:6656, core=0[0m
[0;32mI (1060) wifi:wifi firmware version: 14da9b7[0m
[0;32mI (1060) wifi:wifi certification version: v7.0[0m
[0;32mI (1060) wifi:config NVS flash: enabled[0m
[0;32mI (1060) wifi:config nano formatting: disabled[0m
[0;32mI (1070) wifi:Init data frame dynamic rx buffer num: 32[0m
[0;32mI (1070) wifi:Init static rx mgmt buffer num: 5[0m
[0;32mI (1080) wifi:Init management short buffer num: 32[0m
[0;32mI (1080) wifi:Init dynamic tx buffer num: 32[0m
[0;32mI (1080) wifi:Init static rx buffer size: 1600[0m
[0;32mI (1090) wifi:Init static rx buffer num: 10[0m
[0;32mI (1090) wifi:Init dynamic rx buffer num: 32[0m
[0;32mI (1100) wifi_init: rx ba win: 6[0m
[0;32mI (1100) wifi_init: accept mbox: 6[0m
[0;32mI (1100) wifi_init: tcpip mbox: 32[0m
[0;32mI (1110) wifi_init: udp mbox: 6[0m
[0;32mI (1110) wifi_init: tcp mbox: 6[0m
[0;32mI (1110) wifi_init: tcp tx win: 5760[0m
[0;32mI (1110) wifi_init: tcp rx win: 5760[0m
[0;32mI (1120) wifi_init: tcp mss: 1440[0m
[0;32mI (1120) wifi_init: WiFi IRAM OP enabled[0m
[0;32mI (1120) wifi_init: WiFi RX IRAM OP enabled[0m
[0;32mI (1130) phy_init: phy_version 4861,b71b5ad,Aug  5 2025,11:16:06[0m
[0;32mI (1210) phy_init: Saving new calibration data due to checksum failure or outdated calibration data, mode(0)[0m
[0;32mI (1290) wifi:mode : sta (44:1d:64:fb:cd:84)[0m
[0;32mI (1290) wifi:enable tsf[0m
[0;32mI (1290) wifi:Set ps type: 0, coexist: 0[0m

[0;32mI (1290) NET: Connecting Wi-Fi: Areena ...[0m
[0;32mI (1310) wifi:new:<6,0>, old:<1,0>, ap:<255,255>, sta:<6,0>, prof:1, snd_ch_cfg:0x0[0m
[0;32mI (1310) wifi:state: init -> auth (0xb0)[0m
[0;32mI (1330) wifi:state: auth -> assoc (0x0)[0m
[0;32mI (1340) wifi:state: assoc -> run (0x10)[0m
[0;32mI (5550) SOIL_PUMP: Moisture=0% RAW=2615 mV=2195 Pump=OFF dose#=0 lock=Y[0m
[0;32mI (6540) DHT_FAN: T=28.4C RH=84.8% Soil=0% Fan=OFF (fail=0)[0m
[0;33mW (11290) NET: Wi-Fi not ready after 10s, continue offline[0m
[0;32mI (11340) wifi:state: run -> init (0xcc00)[0m
[0;32mI (11350) wifi:new:<6,0>, old:<6,0>, ap:<255,255>, sta:<6,0>, prof:1, snd_ch_cfg:0x0[0m
[0;33mW (11350) NET: WiFi disconnected, reason=204[0m
[0;32mI (12540) DHT_FAN: T=28.4C RH=84.9% Soil=0% Fan=OFF (fail=0)[0m
[0;33mW (13770) NET: WiFi disconnected, reason=205[0m
[0;32mI (13780) wifi:new:<6,0>, old:<6,0>, ap:<255,255>, sta:<6,0>, prof:1, snd_ch_cfg:0x0[0m
[0;32mI (13780) wifi:state: init -> auth (0xb0)[0m
[0;32mI (13830) wifi:state: auth -> assoc (0x0)[0m
[0;32mI (13850) wifi:state: assoc -> run (0x10)[0m
